
> zymios-platform@0.0.0 build
> vite build

[36mvite v7.3.0 [32mbuilding client environment for production...[36m[39m
transforming...
node.exe : Browserslist: 
browsers data (caniuse-lite) 
is 8 months old. Please run:
At line:1 char:1
+ & "C:\Program 
Files\nodejs/node.exe" 
"C:\Program 
Files\nodejs/node_mo ...
+ ~~~~~~~~~~~~~~~~~~~~~~~~~~~
~~~~~~~~~~~~~~~~~~~~~~~~~~~~~
~~~~~~~~~~~~~
    + CategoryInfo           
   : NotSpecified: (Browser  
  slist: b...ld. Please ru   
 n::String) [], RemoteExc    
eption
    + FullyQualifiedErrorId  
   : NativeCommandError
 
  npx 
update-browserslist-db@latest
  Why you should do it 
regularly: https://github.com
/browserslist/update-db#readm
e

/grid.svg referenced in 
/grid.svg didn't resolve at 
build time, it will remain 
unchanged to be resolved at 
runtime
[32mΓ£ô[39m 4308 modules transformed.
rendering chunks...
[33m[plugin vite:reporter] 
(!) C:/Zymios/src/integration
s/supabase/client.ts is 
dynamically imported by C:/Zy
mios/src/components/Enrollmen
tDialog.tsx, C:/Zymios/src/co
mponents/WelcomeModal.tsx, C:
/Zymios/src/components/course
-detail/PricingSection.tsx, C
:/Zymios/src/pages/Dashboard.
tsx but also statically 
imported by C:/Zymios/src/com
ponents/FeaturedCourses.tsx, 
C:/Zymios/src/components/Navb
ar.tsx, C:/Zymios/src/compone
nts/admin/CreateSessionDialog
.tsx, C:/Zymios/src/component
s/admin/RecordingDialog.tsx, 
C:/Zymios/src/components/inst
ructor/SessionQADialog.tsx, C
:/Zymios/src/components/stude
nt/StudentQADialog.tsx, C:/Zy
mios/src/contexts/AuthContext
.tsx, C:/Zymios/src/hooks/use
AdminData.ts, C:/Zymios/src/h
ooks/useBlog.ts, C:/Zymios/sr
c/hooks/useCertificates.ts, C
:/Zymios/src/hooks/useCourses
.ts, C:/Zymios/src/hooks/useD
ashboardData.ts, C:/Zymios/sr
c/hooks/useEnrollment.ts, C:/
Zymios/src/hooks/useImageUplo
ad.ts, C:/Zymios/src/hooks/us
eNotifications.ts, C:/Zymios/
src/hooks/usePortfolio.ts, C:
/Zymios/src/hooks/useUpcoming
Programs.ts, C:/Zymios/src/pa
ges/LearnPage.tsx, C:/Zymios/
src/pages/ProfileSettings.tsx
, C:/Zymios/src/pages/ResetPa
ssword.tsx, C:/Zymios/src/pag
es/StudentLiveSessions.tsx, C
:/Zymios/src/pages/SupabaseTe
st.tsx, C:/Zymios/src/pages/a
dmin/AdminBlogEditor.tsx, C:/
Zymios/src/pages/admin/AdminC
ertificates.tsx, C:/Zymios/sr
c/pages/admin/AdminContacts.t
sx, C:/Zymios/src/pages/admin
/AdminCourseEditor.tsx, C:/Zy
mios/src/pages/admin/AdminDas
hboard.tsx, C:/Zymios/src/pag
es/admin/AdminEnrollments.tsx
, C:/Zymios/src/pages/admin/A
dminLessonEditor.tsx, C:/Zymi
os/src/pages/admin/AdminLiveS
essions.tsx, C:/Zymios/src/pa
ges/admin/AdminUsers.tsx, C:/
Zymios/src/pages/instructor/I
nstructorCourseEditor.tsx, C:
/Zymios/src/pages/instructor/
InstructorCourses.tsx, C:/Zym
ios/src/pages/instructor/Inst
ructorDashboard.tsx, C:/Zymio
s/src/pages/instructor/Instru
ctorLiveSessions.tsx, C:/Zymi
os/src/utils/seedDemoCourse.t
s, dynamic import will not 
move module into another 
chunk.
[39m
computing gzip size...
[2mdist/[22m[32mindex.html                                        [39m[1m[2m  2.25 kB[22m[1m[22m[2m Γöé gzip:   0.93 kB[22m
[2mdist/[22m[35massets/index-DkYyInC6.css                         [39m[1m[2m160.74 kB[22m[1m[22m[2m Γöé gzip:  24.00 kB[22m
[2mdist/[22m[36massets/chevron-up-CL0NrK_g.js                     [39m[1m[2m  0.12 kB[22m[1m[22m[2m Γöé gzip:   0.14 kB[22m
[2mdist/[22m[36massets/chevron-left-DXo3OB14.js                   [39m[1m[2m  0.13 kB[22m[1m[22m[2m Γöé gzip:   0.14 kB[22m
[2mdist/[22m[36massets/plus-Ccs0oAGZ.js                           [39m[1m[2m  0.15 kB[22m[1m[22m[2m Γöé gzip:   0.15 kB[22m
[2mdist/[22m[36massets/circle-check-VbOSQZ1Z.js                   [39m[1m[2m  0.17 kB[22m[1m[22m[2m Γöé gzip:   0.16 kB[22m
[2mdist/[22m[36massets/message-square-BTVa94K1.js                 [39m[1m[2m  0.18 kB[22m[1m[22m[2m Γöé gzip:   0.16 kB[22m
[2mdist/[22m[36massets/code-ckRk8xzk.js                           [39m[1m[2m  0.18 kB[22m[1m[22m[2m Γöé gzip:   0.16 kB[22m
[2mdist/[22m[36massets/circle-check-big-DjcZSXE0.js               [39m[1m[2m  0.18 kB[22m[1m[22m[2m Γöé gzip:   0.17 kB[22m
[2mdist/[22m[36massets/user-BqDaEMe9.js                           [39m[1m[2m  0.19 kB[22m[1m[22m[2m Γöé gzip:   0.18 kB[22m
[2mdist/[22m[36massets/smartphone-ZxVZrTwi.js                     [39m[1m[2m  0.19 kB[22m[1m[22m[2m Γöé gzip:   0.18 kB[22m
[2mdist/[22m[36massets/circle-x-7MR6gVNw.js                       [39m[1m[2m  0.20 kB[22m[1m[22m[2m Γöé gzip:   0.17 kB[22m
[2mdist/[22m[36massets/lock-79Rak9j0.js                           [39m[1m[2m  0.20 kB[22m[1m[22m[2m Γöé gzip:   0.19 kB[22m
[2mdist/[22m[36massets/credit-card-BTiD7AGR.js                    [39m[1m[2m  0.20 kB[22m[1m[22m[2m Γöé gzip:   0.18 kB[22m
[2mdist/[22m[36massets/bell-55VU7sID.js                           [39m[1m[2m  0.21 kB[22m[1m[22m[2m Γöé gzip:   0.18 kB[22m
[2mdist/[22m[36massets/mail-CCJmLwSd.js                           [39m[1m[2m  0.21 kB[22m[1m[22m[2m Γöé gzip:   0.20 kB[22m
[2mdist/[22m[36massets/laptop-D9k4C1FX.js                         [39m[1m[2m  0.22 kB[22m[1m[22m[2m Γöé gzip:   0.19 kB[22m
[2mdist/[22m[36massets/target-0buyInTa.js                         [39m[1m[2m  0.22 kB[22m[1m[22m[2m Γöé gzip:   0.16 kB[22m
[2mdist/[22m[36massets/ellipsis-vertical-BhIGirOD.js              [39m[1m[2m  0.23 kB[22m[1m[22m[2m Γöé gzip:   0.17 kB[22m
[2mdist/[22m[36massets/copy-5s4IJMYy.js                           [39m[1m[2m  0.23 kB[22m[1m[22m[2m Γöé gzip:   0.20 kB[22m
[2mdist/[22m[36massets/circle-help-wpUcpswX.js                    [39m[1m[2m  0.23 kB[22m[1m[22m[2m Γöé gzip:   0.20 kB[22m
[2mdist/[22m[36massets/heart-DJ9DtPhl.js                          [39m[1m[2m  0.24 kB[22m[1m[22m[2m Γöé gzip:   0.21 kB[22m
[2mdist/[22m[36massets/database-CYsPxqUc.js                       [39m[1m[2m  0.24 kB[22m[1m[22m[2m Γöé gzip:   0.20 kB[22m
[2mdist/[22m[36massets/circle-alert-CfBAzwwg.js                   [39m[1m[2m  0.25 kB[22m[1m[22m[2m Γöé gzip:   0.18 kB[22m
[2mdist/[22m[36massets/external-link-Dd83f7K3.js                  [39m[1m[2m  0.25 kB[22m[1m[22m[2m Γöé gzip:   0.20 kB[22m
[2mdist/[22m[36massets/eye-C2ghXK6G.js                            [39m[1m[2m  0.25 kB[22m[1m[22m[2m Γöé gzip:   0.19 kB[22m
[2mdist/[22m[36massets/map-pin-D0AT3Uc3.js                        [39m[1m[2m  0.25 kB[22m[1m[22m[2m Γöé gzip:   0.22 kB[22m
[2mdist/[22m[36massets/archive-CmhWZLnK.js                        [39m[1m[2m  0.25 kB[22m[1m[22m[2m Γöé gzip:   0.21 kB[22m
[2mdist/[22m[36massets/addMinutes-jeUUZMcz.js                     [39m[1m[2m  0.25 kB[22m[1m[22m[2m Γöé gzip:   0.22 kB[22m
[2mdist/[22m[36massets/link-C9Ov6Mwl.js                           [39m[1m[2m  0.25 kB[22m[1m[22m[2m Γöé gzip:   0.19 kB[22m
[2mdist/[22m[36massets/upload-DFADrOBm.js                         [39m[1m[2m  0.25 kB[22m[1m[22m[2m Γöé gzip:   0.21 kB[22m
[2mdist/[22m[36massets/log-out-DxfEM1gy.js                        [39m[1m[2m  0.26 kB[22m[1m[22m[2m Γöé gzip:   0.22 kB[22m
[2mdist/[22m[36massets/zap-BgyNjFEG.js                            [39m[1m[2m  0.26 kB[22m[1m[22m[2m Γöé gzip:   0.20 kB[22m
[2mdist/[22m[36massets/download-DySAwiU3.js                       [39m[1m[2m  0.26 kB[22m[1m[22m[2m Γöé gzip:   0.22 kB[22m
[2mdist/[22m[36massets/lightbulb-BSEhKY3a.js                      [39m[1m[2m  0.28 kB[22m[1m[22m[2m Γöé gzip:   0.22 kB[22m
[2mdist/[22m[36massets/house-BQ8RWwJN.js                          [39m[1m[2m  0.29 kB[22m[1m[22m[2m Γöé gzip:   0.22 kB[22m
[2mdist/[22m[36massets/send-CBqMSDyY.js                           [39m[1m[2m  0.29 kB[22m[1m[22m[2m Γöé gzip:   0.22 kB[22m
[2mdist/[22m[36massets/endOfMonth-Mt6fQiwz.js                     [39m[1m[2m  0.29 kB[22m[1m[22m[2m Γöé gzip:   0.20 kB[22m
[2mdist/[22m[36massets/thumbs-up-8_RET4Lt.js                      [39m[1m[2m  0.30 kB[22m[1m[22m[2m Γöé gzip:   0.24 kB[22m
[2mdist/[22m[36massets/square-pen-C_hFI9gS.js                     [39m[1m[2m  0.32 kB[22m[1m[22m[2m Γöé gzip:   0.24 kB[22m
[2mdist/[22m[36massets/save-DbyGiDx_.js                           [39m[1m[2m  0.32 kB[22m[1m[22m[2m Γöé gzip:   0.23 kB[22m
[2mdist/[22m[36massets/list-ordered-C5yIM0yz.js                   [39m[1m[2m  0.33 kB[22m[1m[22m[2m Γöé gzip:   0.21 kB[22m
[2mdist/[22m[36massets/file-text-yu5elv6K.js                      [39m[1m[2m  0.33 kB[22m[1m[22m[2m Γöé gzip:   0.22 kB[22m
[2mdist/[22m[36massets/layout-dashboard-DTT11IZF.js               [39m[1m[2m  0.35 kB[22m[1m[22m[2m Γöé gzip:   0.20 kB[22m
[2mdist/[22m[36massets/share-2-BrNOdk8Y.js                        [39m[1m[2m  0.35 kB[22m[1m[22m[2m Γöé gzip:   0.23 kB[22m
[2mdist/[22m[36massets/gift-n8My5uDX.js                           [39m[1m[2m  0.35 kB[22m[1m[22m[2m Γöé gzip:   0.25 kB[22m
[2mdist/[22m[36massets/trash-2-TSsJA9Qf.js                        [39m[1m[2m  0.35 kB[22m[1m[22m[2m Γöé gzip:   0.24 kB[22m
[2mdist/[22m[36massets/grip-vertical-B7-U8xDM.js                  [39m[1m[2m  0.36 kB[22m[1m[22m[2m Γöé gzip:   0.19 kB[22m
[2mdist/[22m[36massets/eye-off-DcjJD8Up.js                        [39m[1m[2m  0.43 kB[22m[1m[22m[2m Γöé gzip:   0.27 kB[22m
[2mdist/[22m[36massets/addWeeks-Bq2qbCye.js                       [39m[1m[2m  0.43 kB[22m[1m[22m[2m Γöé gzip:   0.26 kB[22m
[2mdist/[22m[36massets/building-2-B8qp60fq.js                     [39m[1m[2m  0.44 kB[22m[1m[22m[2m Γöé gzip:   0.25 kB[22m
[2mdist/[22m[36massets/textarea-CKusWh1c.js                       [39m[1m[2m  0.56 kB[22m[1m[22m[2m Γöé gzip:   0.36 kB[22m
[2mdist/[22m[36massets/label-DEzaG9sA.js                          [39m[1m[2m  0.60 kB[22m[1m[22m[2m Γöé gzip:   0.40 kB[22m
[2mdist/[22m[36massets/settings-Bthv4eeW.js                       [39m[1m[2m  0.72 kB[22m[1m[22m[2m Γöé gzip:   0.34 kB[22m
[2mdist/[22m[36massets/separator-nEXrPyzf.js                      [39m[1m[2m  0.74 kB[22m[1m[22m[2m Γöé gzip:   0.44 kB[22m
[2mdist/[22m[36massets/mic-Dj-HbFsG.js                            [39m[1m[2m  0.86 kB[22m[1m[22m[2m Γöé gzip:   0.44 kB[22m
[2mdist/[22m[36massets/alert-CilUzjqR.js                          [39m[1m[2m  0.98 kB[22m[1m[22m[2m Γöé gzip:   0.50 kB[22m
[2mdist/[22m[36massets/courseHelpers-Dl-ayXvt.js                  [39m[1m[2m  1.11 kB[22m[1m[22m[2m Γöé gzip:   0.58 kB[22m
[2mdist/[22m[36massets/rocket-Z6VgYc4K.js                         [39m[1m[2m  1.14 kB[22m[1m[22m[2m Γöé gzip:   0.54 kB[22m
[2mdist/[22m[36massets/tabs-D1S0YMWu.js                           [39m[1m[2m  1.15 kB[22m[1m[22m[2m Γöé gzip:   0.48 kB[22m
[2mdist/[22m[36massets/CourseTags-nC_1sbJB.js                     [39m[1m[2m  1.21 kB[22m[1m[22m[2m Γöé gzip:   0.69 kB[22m
[2mdist/[22m[36massets/table-CbmOuLnv.js                          [39m[1m[2m  1.56 kB[22m[1m[22m[2m Γöé gzip:   0.55 kB[22m
[2mdist/[22m[36massets/PasswordStrengthIndicator-CcYyuwc2.js      [39m[1m[2m  1.72 kB[22m[1m[22m[2m Γöé gzip:   0.79 kB[22m
[2mdist/[22m[36massets/progress-Hr2xSvR7.js                       [39m[1m[2m  1.97 kB[22m[1m[22m[2m Γöé gzip:   0.98 kB[22m
[2mdist/[22m[36massets/dialog-TiChlRIJ.js                         [39m[1m[2m  2.20 kB[22m[1m[22m[2m Γöé gzip:   0.85 kB[22m
[2mdist/[22m[36massets/useCertificates-C1kN4r16.js                [39m[1m[2m  2.23 kB[22m[1m[22m[2m Γöé gzip:   0.85 kB[22m
[2mdist/[22m[36massets/FAQSection-ppM3MOM8.js                     [39m[1m[2m  2.28 kB[22m[1m[22m[2m Γöé gzip:   0.98 kB[22m
[2mdist/[22m[36massets/useAdminData-CeID0KDc.js                   [39m[1m[2m  2.43 kB[22m[1m[22m[2m Γöé gzip:   1.03 kB[22m
[2mdist/[22m[36massets/switch-CNcT1L24.js                         [39m[1m[2m  2.52 kB[22m[1m[22m[2m Γöé gzip:   1.26 kB[22m
[2mdist/[22m[36massets/parseISO-ytouK2HQ.js                       [39m[1m[2m  2.68 kB[22m[1m[22m[2m Γöé gzip:   1.18 kB[22m
[2mdist/[22m[36massets/form-lpqu60pT.js                           [39m[1m[2m  2.78 kB[22m[1m[22m[2m Γöé gzip:   1.23 kB[22m
[2mdist/[22m[36massets/useDashboardData-DSeyjmj_.js               [39m[1m[2m  2.96 kB[22m[1m[22m[2m Γöé gzip:   1.20 kB[22m
[2mdist/[22m[36massets/select-Cu32MoRY.js                         [39m[1m[2m  3.04 kB[22m[1m[22m[2m Γöé gzip:   1.11 kB[22m
[2mdist/[22m[36massets/InstructorCourses-CfbBtr4d.js              [39m[1m[2m  3.32 kB[22m[1m[22m[2m Γöé gzip:   1.44 kB[22m
[2mdist/[22m[36massets/ComparisonTable-B6Yans7-.js                [39m[1m[2m  3.49 kB[22m[1m[22m[2m Γöé gzip:   1.09 kB[22m
[2mdist/[22m[36massets/useCourses-CtZMiGg3.js                     [39m[1m[2m  3.55 kB[22m[1m[22m[2m Γöé gzip:   1.41 kB[22m
[2mdist/[22m[36massets/usePortfolio-1ajxkISi.js                   [39m[1m[2m  3.88 kB[22m[1m[22m[2m Γöé gzip:   1.01 kB[22m
[2mdist/[22m[36massets/checkbox-Bjy65nsK.js                       [39m[1m[2m  3.89 kB[22m[1m[22m[2m Γöé gzip:   1.72 kB[22m
[2mdist/[22m[36massets/DataTable-DvxUG1r9.js                      [39m[1m[2m  3.96 kB[22m[1m[22m[2m Γöé gzip:   1.66 kB[22m
[2mdist/[22m[36massets/InstructorDashboard-CK0uEvsu.js            [39m[1m[2m  4.06 kB[22m[1m[22m[2m Γöé gzip:   1.30 kB[22m
[2mdist/[22m[36massets/InstructorLayout-X3ByLu6o.js               [39m[1m[2m  4.06 kB[22m[1m[22m[2m Γöé gzip:   1.40 kB[22m
[2mdist/[22m[36massets/Community-DFyAVJm6.js                      [39m[1m[2m  4.96 kB[22m[1m[22m[2m Γöé gzip:   2.13 kB[22m
[2mdist/[22m[36massets/EverythingYoureGettingSection-Bc1sclnR.js  [39m[1m[2m  4.99 kB[22m[1m[22m[2m Γöé gzip:   1.78 kB[22m
[2mdist/[22m[36massets/CourseDescription-DVfWl_lZ.js              [39m[1m[2m  5.13 kB[22m[1m[22m[2m Γöé gzip:   2.01 kB[22m
[2mdist/[22m[36massets/TargetAudienceCards-BPuYWQRw.js            [39m[1m[2m  5.23 kB[22m[1m[22m[2m Γöé gzip:   2.14 kB[22m
[2mdist/[22m[36massets/TagInput-CYdV2-Fj.js                       [39m[1m[2m  5.36 kB[22m[1m[22m[2m Γöé gzip:   1.96 kB[22m
[2mdist/[22m[36massets/useBlog-BF6viHs0.js                        [39m[1m[2m  5.55 kB[22m[1m[22m[2m Γöé gzip:   1.43 kB[22m
[2mdist/[22m[36massets/AdminBlogCategories-Cp12zUsA.js            [39m[1m[2m  5.64 kB[22m[1m[22m[2m Γöé gzip:   2.07 kB[22m
[2mdist/[22m[36massets/AdminPrograms-CdIkGxz4.js                  [39m[1m[2m  5.70 kB[22m[1m[22m[2m Γöé gzip:   2.15 kB[22m
[2mdist/[22m[36massets/InstructorSection-5_W6W6eE.js              [39m[1m[2m  5.73 kB[22m[1m[22m[2m Γöé gzip:   2.12 kB[22m
[2mdist/[22m[36massets/CurriculumAccordion-BNpQ6CTy.js            [39m[1m[2m  5.83 kB[22m[1m[22m[2m Γöé gzip:   2.39 kB[22m
[2mdist/[22m[36massets/SupabaseTest-C1nYx3vI.js                   [39m[1m[2m  5.83 kB[22m[1m[22m[2m Γöé gzip:   2.06 kB[22m
[2mdist/[22m[36massets/AdminCourses-B3VwxAeV.js                   [39m[1m[2m  5.86 kB[22m[1m[22m[2m Γöé gzip:   2.29 kB[22m
[2mdist/[22m[36massets/AdminPortfolioCategories-BUejnKiI.js       [39m[1m[2m  5.93 kB[22m[1m[22m[2m Γöé gzip:   2.13 kB[22m
[2mdist/[22m[36massets/About-EFScxKEB.js                          [39m[1m[2m  6.03 kB[22m[1m[22m[2m Γöé gzip:   2.17 kB[22m
[2mdist/[22m[36massets/RefundPolicy-lYGLGKIC.js                   [39m[1m[2m  6.09 kB[22m[1m[22m[2m Γöé gzip:   2.29 kB[22m
[2mdist/[22m[36massets/ImageUploader-BVxQBVNs.js                  [39m[1m[2m  6.16 kB[22m[1m[22m[2m Γöé gzip:   2.58 kB[22m
[2mdist/[22m[36massets/AdminContacts-CsXKULSY.js                  [39m[1m[2m  6.28 kB[22m[1m[22m[2m Γöé gzip:   2.23 kB[22m
[2mdist/[22m[36massets/CookiePolicy-CWUgvsGU.js                   [39m[1m[2m  6.43 kB[22m[1m[22m[2m Γöé gzip:   2.48 kB[22m
[2mdist/[22m[36massets/HelpCenter-4ziQY0wb.js                     [39m[1m[2m  6.45 kB[22m[1m[22m[2m Γöé gzip:   2.69 kB[22m
[2mdist/[22m[36massets/VideoTestimonials-BONyHIXA.js              [39m[1m[2m  6.46 kB[22m[1m[22m[2m Γöé gzip:   2.48 kB[22m
[2mdist/[22m[36massets/ResetPassword-DhbTsCpT.js                  [39m[1m[2m  6.63 kB[22m[1m[22m[2m Γöé gzip:   2.33 kB[22m
[2mdist/[22m[36massets/AdminDashboard-BQr028z3.js                 [39m[1m[2m  6.78 kB[22m[1m[22m[2m Γöé gzip:   2.20 kB[22m
[2mdist/[22m[36massets/AdminProgramEditor-sCvdDZ1G.js             [39m[1m[2m  6.79 kB[22m[1m[22m[2m Γöé gzip:   2.44 kB[22m
[2mdist/[22m[36massets/AdminBlog-BifA2v44.js                      [39m[1m[2m  6.89 kB[22m[1m[22m[2m Γöé gzip:   2.44 kB[22m
[2mdist/[22m[36massets/AdminUsers-BtBiCXmX.js                     [39m[1m[2m  6.97 kB[22m[1m[22m[2m Γöé gzip:   2.38 kB[22m
[2mdist/[22m[36massets/AdminPortfolio-CmjKACM9.js                 [39m[1m[2m  7.02 kB[22m[1m[22m[2m Γöé gzip:   2.43 kB[22m
[2mdist/[22m[36massets/BlogPost-BnLD7px7.js                       [39m[1m[2m  7.12 kB[22m[1m[22m[2m Γöé gzip:   2.33 kB[22m
[2mdist/[22m[36massets/LearnPage-B39e417M.js                      [39m[1m[2m  7.21 kB[22m[1m[22m[2m Γöé gzip:   2.69 kB[22m
[2mdist/[22m[36massets/Portfolio-DyTuJQ3h.js                      [39m[1m[2m  7.54 kB[22m[1m[22m[2m Γöé gzip:   2.73 kB[22m
[2mdist/[22m[36massets/PortfolioDetail-YXqqFc40.js                [39m[1m[2m  7.92 kB[22m[1m[22m[2m Γöé gzip:   2.19 kB[22m
[2mdist/[22m[36massets/InstructorCourseEditor-C-uszExE.js         [39m[1m[2m  8.24 kB[22m[1m[22m[2m Γöé gzip:   2.72 kB[22m
[2mdist/[22m[36massets/Contact-DV_97S3y.js                        [39m[1m[2m  8.58 kB[22m[1m[22m[2m Γöé gzip:   3.15 kB[22m
[2mdist/[22m[36massets/Courses-DvVUkKsY.js                        [39m[1m[2m  8.59 kB[22m[1m[22m[2m Γöé gzip:   2.96 kB[22m
[2mdist/[22m[36massets/Privacy-BzOYpbkq.js                        [39m[1m[2m  8.61 kB[22m[1m[22m[2m Γöé gzip:   3.02 kB[22m
[2mdist/[22m[36massets/InstructorLiveSessions-sGb8zzFq.js         [39m[1m[2m  8.80 kB[22m[1m[22m[2m Γöé gzip:   3.03 kB[22m
[2mdist/[22m[36massets/AdminCertificates-CMdvhi34.js              [39m[1m[2m  9.05 kB[22m[1m[22m[2m Γöé gzip:   2.93 kB[22m
[2mdist/[22m[36massets/Auth-BYh9k9UZ.js                           [39m[1m[2m  9.06 kB[22m[1m[22m[2m Γöé gzip:   2.82 kB[22m
[2mdist/[22m[36massets/Terms-CQoLdSLh.js                          [39m[1m[2m 10.23 kB[22m[1m[22m[2m Γöé gzip:   3.71 kB[22m
[2mdist/[22m[36massets/Career-CqvazGVU.js                         [39m[1m[2m 10.38 kB[22m[1m[22m[2m Γöé gzip:   3.39 kB[22m
[2mdist/[22m[36massets/AdminEnrollments-BKKZNpm7.js               [39m[1m[2m 10.95 kB[22m[1m[22m[2m Γöé gzip:   3.19 kB[22m
[2mdist/[22m[36massets/AdminBlogEditor-A2GuiUeQ.js                [39m[1m[2m 10.96 kB[22m[1m[22m[2m Γöé gzip:   3.31 kB[22m
[2mdist/[22m[36massets/Blog-DIU3mvX_.js                           [39m[1m[2m 11.19 kB[22m[1m[22m[2m Γöé gzip:   3.27 kB[22m
[2mdist/[22m[36massets/AdminLessonEditor-BbmuI96t.js              [39m[1m[2m 11.67 kB[22m[1m[22m[2m Γöé gzip:   3.59 kB[22m
[2mdist/[22m[36massets/StudentLiveSessions-DnotJype.js            [39m[1m[2m 12.74 kB[22m[1m[22m[2m Γöé gzip:   4.06 kB[22m
[2mdist/[22m[36massets/ProfileSettings-BVRJr4Jc.js                [39m[1m[2m 12.77 kB[22m[1m[22m[2m Γöé gzip:   3.49 kB[22m
[2mdist/[22m[36massets/AdminPortfolioEditor-Dme4ZYVF.js           [39m[1m[2m 14.42 kB[22m[1m[22m[2m Γöé gzip:   4.19 kB[22m
[2mdist/[22m[36massets/scroll-area-BTIm3iST.js                    [39m[1m[2m 14.59 kB[22m[1m[22m[2m Γöé gzip:   4.73 kB[22m
[2mdist/[22m[36massets/PricingSection-yqeHQo6X.js                 [39m[1m[2m 16.98 kB[22m[1m[22m[2m Γöé gzip:   4.78 kB[22m
[2mdist/[22m[36massets/Dashboard-D6vjWd22.js                      [39m[1m[2m 17.67 kB[22m[1m[22m[2m Γöé gzip:   5.28 kB[22m
[2mdist/[22m[36massets/AdminLayout-D_eqzAF1.js                    [39m[1m[2m 20.30 kB[22m[1m[22m[2m Γöé gzip:   5.59 kB[22m
[2mdist/[22m[36massets/purify.es-Bzr520pe.js                      [39m[1m[2m 22.45 kB[22m[1m[22m[2m Γöé gzip:   8.63 kB[22m
[2mdist/[22m[36massets/CertificateVerify-kfwxd2eH.js              [39m[1m[2m 24.75 kB[22m[1m[22m[2m Γöé gzip:   8.69 kB[22m
[2mdist/[22m[36massets/AdminLiveSessions-CaYxCGpK.js              [39m[1m[2m 25.52 kB[22m[1m[22m[2m Γöé gzip:   6.77 kB[22m
[2mdist/[22m[36massets/SuccessStories-Cvgarf1S.js                 [39m[1m[2m 30.64 kB[22m[1m[22m[2m Γöé gzip:   8.75 kB[22m
[2mdist/[22m[36massets/popover-B1JRnYM0.js                        [39m[1m[2m 34.71 kB[22m[1m[22m[2m Γöé gzip:  11.09 kB[22m
[2mdist/[22m[36massets/Research-yxStwLcY.js                       [39m[1m[2m 50.56 kB[22m[1m[22m[2m Γöé gzip:  13.48 kB[22m
[2mdist/[22m[36massets/CourseDetail-C4bBflS2.js                   [39m[1m[2m 50.81 kB[22m[1m[22m[2m Γöé gzip:  14.57 kB[22m
[2mdist/[22m[36massets/AdminCourseEditor-hNWI_gdM.js              [39m[1m[2m 53.72 kB[22m[1m[22m[2m Γöé gzip:  11.48 kB[22m
[2mdist/[22m[36massets/form-utils-Du1SYavs.js                     [39m[1m[2m 79.53 kB[22m[1m[22m[2m Γöé gzip:  21.86 kB[22m
[2mdist/[22m[36massets/animations-BEFfGsAY.js                     [39m[1m[2m116.24 kB[22m[1m[22m[2m Γöé gzip:  38.38 kB[22m
[2mdist/[22m[36massets/ui-radix-D1MxOepY.js                       [39m[1m[2m124.89 kB[22m[1m[22m[2m Γöé gzip:  40.18 kB[22m
[2mdist/[22m[36massets/index-C0SDVWl4.js                          [39m[1m[2m156.65 kB[22m[1m[22m[2m Γöé gzip:  47.42 kB[22m
[2mdist/[22m[36massets/index.es-C0E52TpJ.js                       [39m[1m[2m158.95 kB[22m[1m[22m[2m Γöé gzip:  53.11 kB[22m
[2mdist/[22m[36massets/react-core-DmHKHd6c.js                     [39m[1m[2m163.17 kB[22m[1m[22m[2m Γöé gzip:  53.49 kB[22m
[2mdist/[22m[36massets/data-fetching-hUPmyLV_.js                  [39m[1m[2m203.74 kB[22m[1m[22m[2m Γöé gzip:  53.16 kB[22m
[2mdist/[22m[36massets/index-CbjefowR.js                          [39m[1m[2m249.16 kB[22m[1m[22m[2m Γöé gzip:  75.60 kB[22m
[2mdist/[22m[36massets/BarChart-ZYs6aN3N.js                       [39m[1m[2m394.09 kB[22m[1m[22m[2m Γöé gzip: 107.89 kB[22m
[2mdist/[22m[36massets/MyCertificates-CrwIetya.js                 [39m[1m[2m602.80 kB[22m[1m[22m[2m Γöé gzip: 177.85 kB[22m
[32mΓ£ô built in 13.61s[39m
